AMReX (19.02-2-g7d428cb32120) initialized
Density initialised.
Velocity initialised.
Equilibrium distribution calculated.
Time step: 0
Density:
[ 0.9998 0.9998 0.9998 0.9998 0.9998 0.9998 0.9998 0.9998 0.9998 0.9998 0.9998 0.9998 0.9998 0.9998 0.9998 0.9998 0.9998 0.9998 0.9998 0.9998 0.9998 0.9998 0.9998 0.9998 1.0098 0.9998 0.9998 0.9998 0.9998 0.9998 0.9998 0.9998 0.9998 0.9998 0.9998 0.9998 0.9998 0.9998 0.9998 0.9998 0.9998 0.9998 0.9998 0.9998 0.9998 0.9998 0.9998 0.9998 0.9998 0.9998 ]
Time step: 100
Density:
[ 0.999807 0.999809 0.999815 0.999821 0.999832 0.999846 0.999866 0.999889 0.999917 0.999949 0.999984 1.00002 1.00006 1.00009 1.00012 1.00014 1.00015 1.00016 1.00016 1.00015 1.00014 1.00012 1.00011 1.0001 1.0001 1.0001 1.00011 1.00012 1.00014 1.00015 1.00016 1.00016 1.00015 1.00014 1.00012 1.00009 1.00006 1.00002 0.999984 0.999949 0.999917 0.999889 0.999866 0.999846 0.999832 0.999821 0.999815 0.999809 0.999807 0.999806 ]
Time step: 200
Density:
[ 1.00004 1.00004 1.00005 1.00005 1.00005 1.00006 1.00006 1.00006 1.00006 1.00006 1.00005 1.00004 1.00003 1.00002 1 0.999987 0.99997 0.999954 0.999938 0.999924 0.999911 0.999901 0.999893 0.999889 0.999887 0.999889 0.999893 0.999901 0.999911 0.999924 0.999938 0.999954 0.99997 0.999987 1 1.00002 1.00003 1.00004 1.00005 1.00006 1.00006 1.00006 1.00006 1.00006 1.00005 1.00005 1.00005 1.00004 1.00004 1.00004 ]
AMReX (19.02-2-g7d428cb32120) finalized
